Windows fatal exception: stack overflow

Thread 0x00004078 (most recent call first):
  File "D:\VBD_simulator\src\hydrogel_vbd\solver\cpp_adapter.py", line 369 in solve_lift_and_relax
  File "D:\VBD_simulator\src\hydrogel_vbd\gui\simulation_worker.py", line 422 in _run_layers
  File "D:\VBD_simulator\src\hydrogel_vbd\gui\simulation_worker.py", line 295 in run

Current thread 0x00003824 (most recent call first):
  File "D:\VBD_simulator\src\hydrogel_vbd\gui\main_window.py", line 194 in set_layer
  File "D:\VBD_simulator\src\hydrogel_vbd\gui\main_window.py", line 1537 in _on_worker_progress
  File "D:\VBD_simulator\src\hydrogel_vbd\gui\main_window.py", line 194 in set_layer
  File "D:\VBD_simulator\src\hydrogel_vbd\gui\main_window.py", line 1537 in _on_worker_progress
  File "D:\VBD_simulator\src\hydrogel_vbd\gui\mesh_viewer.py", line 331 in show_deformed_mesh
  File "D:\VBD_simulator\src\hydrogel_vbd\gui\main_window.py", line 1499 in _on_worker_frame
  File "D:\VBD_simulator\src\hydrogel_vbd\gui\main_window.py", line 194 in set_layer
  File "D:\VBD_simulator\src\hydrogel_vbd\gui\main_window.py", line 1537 in _on_worker_progress
  File "D:\VBD_simulator\src\hydrogel_vbd\gui\main_window.py", line 194 in set_layer
  File "D:\VBD_simulator\src\hydrogel_vbd\gui\main_window.py", line 1537 in _on_worker_progress
  File "D:\VBD_simulator\src\hydrogel_vbd\gui\main_window.py", line 194 in set_layer
  File "D:\VBD_simulator\src\hydrogel_vbd\gui\main_window.py", line 1537 in _on_worker_progress
  File "D:\VBD_simulator\src\hydrogel_vbd\gui\main_window.py", line 194 in set_layer
  File "D:\VBD_simulator\src\hydrogel_vbd\gui\main_window.py", line 1537 in _on_worker_progress
  File "D:\VBD_simulator\src\hydrogel_vbd\gui\main_window.py", line 194 in set_layer
  File "D:\VBD_simulator\src\hydrogel_vbd\gui\main_window.py", line 1537 in _on_worker_progress
  File "D:\VBD_simulator\src\hydrogel_vbd\gui\mesh_viewer.py", line 331 in show_deformed_mesh
  File "D:\VBD_simulator\src\hydrogel_vbd\gui\main_window.py", line 1499 in _on_worker_frame
  File "D:\VBD_simulator\src\hydrogel_vbd\gui\main_window.py", line 194 in set_layer
  File "D:\VBD_simulator\src\hydrogel_vbd\gui\main_window.py", line 1537 in _on_worker_progress
  File "D:\VBD_simulator\src\hydrogel_vbd\gui\main_window.py", line 194 in set_layer
  File "D:\VBD_simulator\src\hydrogel_vbd\gui\main_window.py", line 1537 in _on_worker_progress
  File "D:\VBD_simulator\src\hydrogel_vbd\gui\main_window.py", line 194 in set_layer
  File "D:\VBD_simulator\src\hydrogel_vbd\gui\main_window.py", line 1537 in _on_worker_progress
  File "D:\VBD_simulator\src\hydrogel_vbd\gui\main_window.py", line 194 in set_layer
  File "D:\VBD_simulator\src\hydrogel_vbd\gui\main_window.py", line 1537 in _on_worker_progress
  File "D:\VBD_simulator\src\hydrogel_vbd\gui\main_window.py", line 194 in set_layer
  File "D:\VBD_simulator\src\hydrogel_vbd\gui\main_window.py", line 1537 in _on_worker_progress
  File "D:\VBD_simulator\src\hydrogel_vbd\gui\mesh_viewer.py", line 331 in show_deformed_mesh
  File "D:\VBD_simulator\src\hydrogel_vbd\gui\main_window.py", line 1499 in _on_worker_frame
  File "D:\VBD_simulator\src\hydrogel_vbd\gui\main_window.py", line 194 in set_layer
  File "D:\VBD_simulator\src\hydrogel_vbd\gui\main_window.py", line 1537 in _on_worker_progress
  File "D:\VBD_simulator\src\hydrogel_vbd\gui\main_window.py", line 194 in set_layer
  File "D:\VBD_simulator\src\hydrogel_vbd\gui\main_window.py", line 1537 in _on_worker_progress
  File "D:\VBD_simulator\src\hydrogel_vbd\gui\main_window.py", line 194 in set_layer
  File "D:\VBD_simulator\src\hydrogel_vbd\gui\main_window.py", line 1537 in _on_worker_progress
  File "D:\VBD_simulator\src\hydrogel_vbd\gui\main_window.py", line 194 in set_layer
  File "D:\VBD_simulator\src\hydrogel_vbd\gui\main_window.py", line 1537 in _on_worker_progress
  File "D:\VBD_simulator\src\hydrogel_vbd\gui\main_window.py", line 194 in set_layer
  File "D:\VBD_simulator\src\hydrogel_vbd\gui\main_window.py", line 1537 in _on_worker_progress
  File "D:\VBD_simulator\src\hydrogel_vbd\gui\mesh_viewer.py", line 331 in show_deformed_mesh
  File "D:\VBD_simulator\src\hydrogel_vbd\gui\main_window.py", line 1499 in _on_worker_frame
  File "D:\VBD_simulator\src\hydrogel_vbd\gui\main_window.py", line 194 in set_layer
  File "D:\VBD_simulator\src\hydrogel_vbd\gui\main_window.py", line 1537 in _on_worker_progress
  File "D:\VBD_simulator\src\hydrogel_vbd\gui\main_window.py", line 194 in set_layer
  File "D:\VBD_simulator\src\hydrogel_vbd\gui\main_window.py", line 1537 in _on_worker_progress
  File "D:\VBD_simulator\src\hydrogel_vbd\gui\main_window.py", line 194 in set_layer
  File "D:\VBD_simulator\src\hydrogel_vbd\gui\main_window.py", line 1537 in _on_worker_progress
  File "D:\VBD_simulator\src\hydrogel_vbd\gui\main_window.py", line 194 in set_layer
  File "D:\VBD_simulator\src\hydrogel_vbd\gui\main_window.py", line 1537 in _on_worker_progress
  File "D:\VBD_simulator\src\hydrogel_vbd\gui\main_window.py", line 194 in set_layer
  File "D:\VBD_simulator\src\hydrogel_vbd\gui\main_window.py", line 1537 in _on_worker_progress
  File "D:\VBD_simulator\src\hydrogel_vbd\gui\mesh_viewer.py", line 331 in show_deformed_mesh
  File "D:\VBD_simulator\src\hydrogel_vbd\gui\main_window.py", line 1499 in _on_worker_frame
  File "D:\VBD_simulator\src\hydrogel_vbd\gui\main_window.py", line 194 in set_layer
  File "D:\VBD_simulator\src\hydrogel_vbd\gui\main_window.py", line 1537 in _on_worker_progress
  File "D:\VBD_simulator\src\hydrogel_vbd\gui\main_window.py", line 194 in set_layer
  File "D:\VBD_simulator\src\hydrogel_vbd\gui\main_window.py", line 1537 in _on_worker_progress
  File "D:\VBD_simulator\src\hydrogel_vbd\gui\main_window.py", line 194 in set_layer
  File "D:\VBD_simulator\src\hydrogel_vbd\gui\main_window.py", line 1537 in _on_worker_progress
  File "D:\VBD_simulator\src\hydrogel_vbd\gui\main_window.py", line 194 in set_layer
  File "D:\VBD_simulator\src\hydrogel_vbd\gui\main_window.py", line 1537 in _on_worker_progress
  File "D:\VBD_simulator\src\hydrogel_vbd\gui\main_window.py", line 194 in set_layer
  File "D:\VBD_simulator\src\hydrogel_vbd\gui\main_window.py", line 1537 in _on_worker_progress
  File "D:\VBD_simulator\src\hydrogel_vbd\gui\mesh_viewer.py", line 331 in show_deformed_mesh
  File "D:\VBD_simulator\src\hydrogel_vbd\gui\main_window.py", line 1499 in _on_worker_frame
  File "D:\VBD_simulator\src\hydrogel_vbd\gui\main_window.py", line 194 in set_layer
  File "D:\VBD_simulator\src\hydrogel_vbd\gui\main_window.py", line 1537 in _on_worker_progress
  File "D:\VBD_simulator\src\hydrogel_vbd\gui\main_window.py", line 194 in set_layer
  File "D:\VBD_simulator\src\hydrogel_vbd\gui\main_window.py", line 1537 in _on_worker_progress
  File "D:\VBD_simulator\src\hydrogel_vbd\gui\main_window.py", line 194 in set_layer
  File "D:\VBD_simulator\src\hydrogel_vbd\gui\main_window.py", line 1537 in _on_worker_progress
  File "D:\VBD_simulator\src\hydrogel_vbd\gui\main_window.py", line 194 in set_layer
  File "D:\VBD_simulator\src\hydrogel_vbd\gui\main_window.py", line 1537 in _on_worker_progress
  File "D:\VBD_simulator\src\hydrogel_vbd\gui\main_window.py", line 194 in set_layer
  File "D:\VBD_simulator\src\hydrogel_vbd\gui\main_window.py", line 1537 in _on_worker_progress
  File "D:\VBD_simulator\src\hydrogel_vbd\gui\mesh_viewer.py", line 331 in show_deformed_mesh
  File "D:\VBD_simulator\src\hydrogel_vbd\gui\main_window.py", line 1499 in _on_worker_frame
  File "D:\VBD_simulator\src\hydrogel_vbd\gui\main_window.py", line 194 in set_layer
  File "D:\VBD_simulator\src\hydrogel_vbd\gui\main_window.py", line 1537 in _on_worker_progress
  File "D:\VBD_simulator\src\hydrogel_vbd\gui\main_window.py", line 194 in set_layer
  File "D:\VBD_simulator\src\hydrogel_vbd\gui\main_window.py", line 1537 in _on_worker_progress
  File "D:\VBD_simulator\src\hydrogel_vbd\gui\main_window.py", line 194 in set_layer
  File "D:\VBD_simulator\src\hydrogel_vbd\gui\main_window.py", line 1537 in _on_worker_progress
  File "D:\VBD_simulator\src\hydrogel_vbd\gui\main_window.py", line 194 in set_layer
  File "D:\VBD_simulator\src\hydrogel_vbd\gui\main_window.py", line 1537 in _on_worker_progress
  File "D:\VBD_simulator\src\hydrogel_vbd\gui\main_window.py", line 194 in set_layer
  File "D:\VBD_simulator\src\hydrogel_vbd\gui\main_window.py", line 1537 in _on_worker_progress
  File "D:\VBD_simulator\src\hydrogel_vbd\gui\mesh_viewer.py", line 331 in show_deformed_mesh
  File "D:\VBD_simulator\src\hydrogel_vbd\gui\main_window.py", line 1499 in _on_worker_frame
  File "D:\VBD_simulator\src\hydrogel_vbd\gui\main_window.py", line 194 in set_layer
  File "D:\VBD_simulator\src\hydrogel_vbd\gui\main_window.py", line 1537 in _on_worker_progress
  File "D:\VBD_simulator\src\hydrogel_vbd\gui\main_window.py", line 194 in set_layer
  File "D:\VBD_simulator\src\hydrogel_vbd\gui\main_window.py", line 1537 in _on_worker_progress
  File "D:\VBD_simulator\src\hydrogel_vbd\gui\main_window.py", line 194 in set_layer
  File "D:\VBD_simulator\src\hydrogel_vbd\gui\main_window.py", line 1537 in _on_worker_progress
  File "D:\VBD_simulator\src\hydrogel_vbd\gui\main_window.py", line 194 in set_layer
  File "D:\VBD_simulator\src\hydrogel_vbd\gui\main_window.py", line 1537 in _on_worker_progress
  File "D:\VBD_simulator\src\hydrogel_vbd\gui\main_window.py", line 194 in set_layer
  File "D:\VBD_simulator\src\hydrogel_vbd\gui\main_window.py", line 1537 in _on_worker_progress
Windows fatal exception: stack overflow

Thread 0x000095a0 (most recent call first):
  File "C:\Users\leo\AppData\Local\Programs\Python\Python313\Lib\multiprocessing\connection.py", line 317 in _recv_bytes
  File "C:\Users\leo\AppData\Local\Programs\Python\Python313\Lib\multiprocessing\connection.py", line 250 in recv
  File "D:\VBD_simulator\src\hydrogel_vbd\solver\cpp_subprocess.py", line 344 in iter_messages
  File "D:\VBD_simulator\src\hydrogel_vbd\gui\simulation_worker.py", line 402 in _run_cpp_subprocess
  File "D:\VBD_simulator\src\hydrogel_vbd\gui\simulation_worker.py", line 461 in _run_layers
  File "D:\VBD_simulator\src\hydrogel_vbd\gui\simulation_worker.py", line 296 in run

Current thread 0x000087ec (most recent call first):
  File "D:\VBD_simulator\venv\Lib\site-packages\numpy\lib\_shape_base_impl.py", line 666 in column_stack
  File "D:\VBD_simulator\venv\Lib\site-packages\matplotlib\lines.py", line 698 in recache
  File "D:\VBD_simulator\venv\Lib\site-packages\matplotlib\lines.py", line 1052 in get_path
  File "D:\VBD_simulator\venv\Lib\site-packages\matplotlib\axis.py", line 170 in __init__
  File "D:\VBD_simulator\venv\Lib\site-packages\matplotlib\axis.py", line 368 in __init__
  File "D:\VBD_simulator\venv\Lib\site-packages\matplotlib\axis.py", line 1592 in _get_tick
  File "D:\VBD_simulator\venv\Lib\site-packages\matplotlib\axis.py", line 547 in __get__
  File "D:\VBD_simulator\venv\Lib\site-packages\matplotlib\axis.py", line 1117 in set_clip_path
  File "D:\VBD_simulator\venv\Lib\site-packages\matplotlib\axis.py", line 904 in reset_ticks
  File "D:\VBD_simulator\venv\Lib\site-packages\matplotlib\axis.py", line 881 in clear
  File "D:\VBD_simulator\venv\Lib\site-packages\matplotlib\axes\_base.py", line 1330 in __clear
  File "D:\VBD_simulator\venv\Lib\site-packages\matplotlib\axes\_base.py", line 1452 in clear
  File "D:\VBD_simulator\venv\Lib\site-packages\mpl_toolkits\mplot3d\axes3d.py", line 1348 in clear
  File "D:\VBD_simulator\venv\Lib\site-packages\matplotlib\axes\_base.py", line 1461 in cla
  File "D:\VBD_simulator\src\hydrogel_vbd\gui\mesh_viewer.py", line 241 in show_deformed_mesh
  File "D:\VBD_simulator\src\hydrogel_vbd\gui\main_window.py", line 1499 in _on_worker_frame
  File "D:\VBD_simulator\src\hydrogel_vbd\gui\mesh_viewer.py", line 331 in show_deformed_mesh
  File "D:\VBD_simulator\src\hydrogel_vbd\gui\main_window.py", line 1499 in _on_worker_frame
  File "D:\VBD_simulator\src\hydrogel_vbd\gui\mesh_viewer.py", line 331 in show_deformed_mesh
  File "D:\VBD_simulator\src\hydrogel_vbd\gui\main_window.py", line 1499 in _on_worker_frame
  File "D:\VBD_simulator\src\hydrogel_vbd\gui\mesh_viewer.py", line 331 in show_deformed_mesh
  File "D:\VBD_simulator\src\hydrogel_vbd\gui\main_window.py", line 1499 in _on_worker_frame
  File "D:\VBD_simulator\src\hydrogel_vbd\gui\mesh_viewer.py", line 331 in show_deformed_mesh
  File "D:\VBD_simulator\src\hydrogel_vbd\gui\main_window.py", line 1499 in _on_worker_frame
  File "D:\VBD_simulator\src\hydrogel_vbd\gui\mesh_viewer.py", line 331 in show_deformed_mesh
  File "D:\VBD_simulator\src\hydrogel_vbd\gui\main_window.py", line 1499 in _on_worker_frame
  File "D:\VBD_simulator\src\hydrogel_vbd\gui\mesh_viewer.py", line 331 in show_deformed_mesh
  File "D:\VBD_simulator\src\hydrogel_vbd\gui\main_window.py", line 1499 in _on_worker_frame
  File "D:\VBD_simulator\src\hydrogel_vbd\gui\mesh_viewer.py", line 331 in show_deformed_mesh
  File "D:\VBD_simulator\src\hydrogel_vbd\gui\main_window.py", line 1499 in _on_worker_frame
  File "D:\VBD_simulator\src\hydrogel_vbd\gui\mesh_viewer.py", line 331 in show_deformed_mesh
  File "D:\VBD_simulator\src\hydrogel_vbd\gui\main_window.py", line 1499 in _on_worker_frame
  File "D:\VBD_simulator\src\hydrogel_vbd\gui\mesh_viewer.py", line 331 in show_deformed_mesh
  File "D:\VBD_simulator\src\hydrogel_vbd\gui\main_window.py", line 1499 in _on_worker_frame
  File "D:\VBD_simulator\src\hydrogel_vbd\gui\mesh_viewer.py", line 331 in show_deformed_mesh
  File "D:\VBD_simulator\src\hydrogel_vbd\gui\main_window.py", line 1499 in _on_worker_frame
  File "D:\VBD_simulator\src\hydrogel_vbd\gui\mesh_viewer.py", line 331 in show_deformed_mesh
  File "D:\VBD_simulator\src\hydrogel_vbd\gui\main_window.py", line 1499 in _on_worker_frame
  File "D:\VBD_simulator\src\hydrogel_vbd\gui\mesh_viewer.py", line 331 in show_deformed_mesh
  File "D:\VBD_simulator\src\hydrogel_vbd\gui\main_window.py", line 1499 in _on_worker_frame
  File "D:\VBD_simulator\src\hydrogel_vbd\gui\mesh_viewer.py", line 331 in show_deformed_mesh
  File "D:\VBD_simulator\src\hydrogel_vbd\gui\main_window.py", line 1499 in _on_worker_frame
  File "D:\VBD_simulator\src\hydrogel_vbd\gui\mesh_viewer.py", line 331 in show_deformed_mesh
  File "D:\VBD_simulator\src\hydrogel_vbd\gui\main_window.py", line 1499 in _on_worker_frame
  File "D:\VBD_simulator\src\hydrogel_vbd\gui\mesh_viewer.py", line 331 in show_deformed_mesh
  File "D:\VBD_simulator\src\hydrogel_vbd\gui\main_window.py", line 1499 in _on_worker_frame
  File "D:\VBD_simulator\src\hydrogel_vbd\gui\mesh_viewer.py", line 331 in show_deformed_mesh
  File "D:\VBD_simulator\src\hydrogel_vbd\gui\main_window.py", line 1499 in _on_worker_frame
  File "D:\VBD_simulator\src\hydrogel_vbd\gui\mesh_viewer.py", line 331 in show_deformed_mesh
  File "D:\VBD_simulator\src\hydrogel_vbd\gui\main_window.py", line 1499 in _on_worker_frame
  File "D:\VBD_simulator\src\hydrogel_vbd\gui\mesh_viewer.py", line 331 in show_deformed_mesh
  File "D:\VBD_simulator\src\hydrogel_vbd\gui\main_window.py", line 1499 in _on_worker_frame
  File "D:\VBD_simulator\src\hydrogel_vbd\gui\mesh_viewer.py", line 331 in show_deformed_mesh
  File "D:\VBD_simulator\src\hydrogel_vbd\gui\main_window.py", line 1499 in _on_worker_frame
  File "D:\VBD_simulator\src\hydrogel_vbd\gui\mesh_viewer.py", line 331 in show_deformed_mesh
  File "D:\VBD_simulator\src\hydrogel_vbd\gui\main_window.py", line 1499 in _on_worker_frame
  File "D:\VBD_simulator\src\hydrogel_vbd\gui\mesh_viewer.py", line 331 in show_deformed_mesh
  File "D:\VBD_simulator\src\hydrogel_vbd\gui\main_window.py", line 1499 in _on_worker_frame
  File "D:\VBD_simulator\src\hydrogel_vbd\gui\mesh_viewer.py", line 331 in show_deformed_mesh
  File "D:\VBD_simulator\src\hydrogel_vbd\gui\main_window.py", line 1499 in _on_worker_frame
  File "D:\VBD_simulator\src\hydrogel_vbd\gui\mesh_viewer.py", line 331 in show_deformed_mesh
  File "D:\VBD_simulator\src\hydrogel_vbd\gui\main_window.py", line 1499 in _on_worker_frame
  File "D:\VBD_simulator\src\hydrogel_vbd\gui\mesh_viewer.py", line 331 in show_deformed_mesh
  File "D:\VBD_simulator\src\hydrogel_vbd\gui\main_window.py", line 1499 in _on_worker_frame
  File "D:\VBD_simulator\src\hydrogel_vbd\gui\mesh_viewer.py", line 331 in show_deformed_mesh
  File "D:\VBD_simulator\src\hydrogel_vbd\gui\main_window.py", line 1499 in _on_worker_frame
  File "D:\VBD_simulator\src\hydrogel_vbd\gui\mesh_viewer.py", line 331 in show_deformed_mesh
  File "D:\VBD_simulator\src\hydrogel_vbd\gui\main_window.py", line 1499 in _on_worker_frame
  File "D:\VBD_simulator\src\hydrogel_vbd\gui\mesh_viewer.py", line 331 in show_deformed_mesh
  File "D:\VBD_simulator\src\hydrogel_vbd\gui\main_window.py", line 1499 in _on_worker_frame
  File "D:\VBD_simulator\src\hydrogel_vbd\gui\mesh_viewer.py", line 331 in show_deformed_mesh
  File "D:\VBD_simulator\src\hydrogel_vbd\gui\main_window.py", line 1499 in _on_worker_frame
  File "D:\VBD_simulator\src\hydrogel_vbd\gui\mesh_viewer.py", line 331 in show_deformed_mesh
  File "D:\VBD_simulator\src\hydrogel_vbd\gui\main_window.py", line 1499 in _on_worker_frame
  File "D:\VBD_simulator\src\hydrogel_vbd\gui\mesh_viewer.py", line 331 in show_deformed_mesh
  File "D:\VBD_simulator\src\hydrogel_vbd\gui\main_window.py", line 1499 in _on_worker_frame
  File "D:\VBD_simulator\src\hydrogel_vbd\gui\mesh_viewer.py", line 331 in show_deformed_mesh
  File "D:\VBD_simulator\src\hydrogel_vbd\gui\main_window.py", line 1499 in _on_worker_frame
  File "D:\VBD_simulator\src\hydrogel_vbd\gui\mesh_viewer.py", line 331 in show_deformed_mesh
  File "D:\VBD_simulator\src\hydrogel_vbd\gui\main_window.py", line 1499 in _on_worker_frame
  File "D:\VBD_simulator\src\hydrogel_vbd\gui\mesh_viewer.py", line 331 in show_deformed_mesh
  File "D:\VBD_simulator\src\hydrogel_vbd\gui\main_window.py", line 1499 in _on_worker_frame
  File "D:\VBD_simulator\src\hydrogel_vbd\gui\mesh_viewer.py", line 331 in show_deformed_mesh
  File "D:\VBD_simulator\src\hydrogel_vbd\gui\main_window.py", line 1499 in _on_worker_frame
  File "D:\VBD_simulator\src\hydrogel_vbd\gui\mesh_viewer.py", line 331 in show_deformed_mesh
  File "D:\VBD_simulator\src\hydrogel_vbd\gui\main_window.py", line 1499 in _on_worker_frame
  File "D:\VBD_simulator\src\hydrogel_vbd\gui\mesh_viewer.py", line 331 in show_deformed_mesh
  File "D:\VBD_simulator\src\hydrogel_vbd\gui\main_window.py", line 1499 in _on_worker_frame
  File "D:\VBD_simulator\src\hydrogel_vbd\gui\mesh_viewer.py", line 331 in show_deformed_mesh
  File "D:\VBD_simulator\src\hydrogel_vbd\gui\main_window.py", line 1499 in _on_worker_frame
  File "D:\VBD_simulator\src\hydrogel_vbd\gui\mesh_viewer.py", line 331 in show_deformed_mesh
  File "D:\VBD_simulator\src\hydrogel_vbd\gui\main_window.py", line 1499 in _on_worker_frame
  File "D:\VBD_simulator\src\hydrogel_vbd\gui\mesh_viewer.py", line 331 in show_deformed_mesh
  File "D:\VBD_simulator\src\hydrogel_vbd\gui\main_window.py", line 1499 in _on_worker_frame
  File "D:\VBD_simulator\src\hydrogel_vbd\gui\mesh_viewer.py", line 331 in show_deformed_mesh
  File "D:\VBD_simulator\src\hydrogel_vbd\gui\main_window.py", line 1499 in _on_worker_frame
  File "D:\VBD_simulator\src\hydrogel_vbd\gui\mesh_viewer.py", line 331 in show_deformed_mesh
  File "D:\VBD_simulator\src\hydrogel_vbd\gui\main_window.py", line 1499 in _on_worker_frame
  File "D:\VBD_simulator\src\hydrogel_vbd\gui\mesh_viewer.py", line 331 in show_deformed_mesh
  File "D:\VBD_simulator\src\hydrogel_vbd\gui\main_window.py", line 1499 in _on_worker_frame
Windows fatal exception: stack overflow

Thread 0x00008978 (most recent call first):
  File "C:\Users\leo\AppData\Local\Programs\Python\Python313\Lib\multiprocessing\connection.py", line 317 in _recv_bytes
  File "C:\Users\leo\AppData\Local\Programs\Python\Python313\Lib\multiprocessing\connection.py", line 250 in recv
  File "D:\VBD_simulator\src\hydrogel_vbd\solver\cpp_subprocess.py", line 344 in iter_messages
  File "D:\VBD_simulator\src\hydrogel_vbd\gui\simulation_worker.py", line 402 in _run_cpp_subprocess
  File "D:\VBD_simulator\src\hydrogel_vbd\gui\simulation_worker.py", line 461 in _run_layers
  File "D:\VBD_simulator\src\hydrogel_vbd\gui\simulation_worker.py", line 296 in run

Current thread 0x00008f4c (most recent call first):
  File "D:\VBD_simulator\venv\Lib\site-packages\numpy\lib\_shape_base_impl.py", line 666 in column_stack
  File "D:\VBD_simulator\venv\Lib\site-packages\matplotlib\lines.py", line 698 in recache
  File "D:\VBD_simulator\venv\Lib\site-packages\matplotlib\lines.py", line 1052 in get_path
  File "D:\VBD_simulator\venv\Lib\site-packages\matplotlib\axis.py", line 170 in __init__
  File "D:\VBD_simulator\venv\Lib\site-packages\matplotlib\axis.py", line 368 in __init__
  File "D:\VBD_simulator\venv\Lib\site-packages\matplotlib\axis.py", line 1592 in _get_tick
  File "D:\VBD_simulator\venv\Lib\site-packages\matplotlib\axis.py", line 547 in __get__
  File "D:\VBD_simulator\venv\Lib\site-packages\matplotlib\axis.py", line 1117 in set_clip_path
  File "D:\VBD_simulator\venv\Lib\site-packages\matplotlib\axis.py", line 904 in reset_ticks
  File "D:\VBD_simulator\venv\Lib\site-packages\matplotlib\axis.py", line 881 in clear
  File "D:\VBD_simulator\venv\Lib\site-packages\matplotlib\axes\_base.py", line 1330 in __clear
  File "D:\VBD_simulator\venv\Lib\site-packages\matplotlib\axes\_base.py", line 1452 in clear
  File "D:\VBD_simulator\venv\Lib\site-packages\mpl_toolkits\mplot3d\axes3d.py", line 1348 in clear
  File "D:\VBD_simulator\venv\Lib\site-packages\matplotlib\axes\_base.py", line 1461 in cla
  File "D:\VBD_simulator\src\hydrogel_vbd\gui\mesh_viewer.py", line 241 in show_deformed_mesh
  File "D:\VBD_simulator\src\hydrogel_vbd\gui\main_window.py", line 1499 in _on_worker_frame
  File "D:\VBD_simulator\src\hydrogel_vbd\gui\mesh_viewer.py", line 331 in show_deformed_mesh
  File "D:\VBD_simulator\src\hydrogel_vbd\gui\main_window.py", line 1499 in _on_worker_frame
  File "D:\VBD_simulator\src\hydrogel_vbd\gui\mesh_viewer.py", line 331 in show_deformed_mesh
  File "D:\VBD_simulator\src\hydrogel_vbd\gui\main_window.py", line 1499 in _on_worker_frame
  File "D:\VBD_simulator\src\hydrogel_vbd\gui\mesh_viewer.py", line 331 in show_deformed_mesh
  File "D:\VBD_simulator\src\hydrogel_vbd\gui\main_window.py", line 1499 in _on_worker_frame
  File "D:\VBD_simulator\src\hydrogel_vbd\gui\mesh_viewer.py", line 331 in show_deformed_mesh
  File "D:\VBD_simulator\src\hydrogel_vbd\gui\main_window.py", line 1499 in _on_worker_frame
  File "D:\VBD_simulator\src\hydrogel_vbd\gui\mesh_viewer.py", line 331 in show_deformed_mesh
  File "D:\VBD_simulator\src\hydrogel_vbd\gui\main_window.py", line 1499 in _on_worker_frame
  File "D:\VBD_simulator\src\hydrogel_vbd\gui\mesh_viewer.py", line 331 in show_deformed_mesh
  File "D:\VBD_simulator\src\hydrogel_vbd\gui\main_window.py", line 1499 in _on_worker_frame
  File "D:\VBD_simulator\src\hydrogel_vbd\gui\mesh_viewer.py", line 331 in show_deformed_mesh
  File "D:\VBD_simulator\src\hydrogel_vbd\gui\main_window.py", line 1499 in _on_worker_frame
  File "D:\VBD_simulator\src\hydrogel_vbd\gui\mesh_viewer.py", line 331 in show_deformed_mesh
  File "D:\VBD_simulator\src\hydrogel_vbd\gui\main_window.py", line 1499 in _on_worker_frame
  File "D:\VBD_simulator\src\hydrogel_vbd\gui\mesh_viewer.py", line 331 in show_deformed_mesh
  File "D:\VBD_simulator\src\hydrogel_vbd\gui\main_window.py", line 1499 in _on_worker_frame
  File "D:\VBD_simulator\src\hydrogel_vbd\gui\mesh_viewer.py", line 331 in show_deformed_mesh
  File "D:\VBD_simulator\src\hydrogel_vbd\gui\main_window.py", line 1499 in _on_worker_frame
  File "D:\VBD_simulator\src\hydrogel_vbd\gui\mesh_viewer.py", line 331 in show_deformed_mesh
  File "D:\VBD_simulator\src\hydrogel_vbd\gui\main_window.py", line 1499 in _on_worker_frame
  File "D:\VBD_simulator\src\hydrogel_vbd\gui\mesh_viewer.py", line 331 in show_deformed_mesh
  File "D:\VBD_simulator\src\hydrogel_vbd\gui\main_window.py", line 1499 in _on_worker_frame
  File "D:\VBD_simulator\src\hydrogel_vbd\gui\mesh_viewer.py", line 331 in show_deformed_mesh
  File "D:\VBD_simulator\src\hydrogel_vbd\gui\main_window.py", line 1499 in _on_worker_frame
  File "D:\VBD_simulator\src\hydrogel_vbd\gui\mesh_viewer.py", line 331 in show_deformed_mesh
  File "D:\VBD_simulator\src\hydrogel_vbd\gui\main_window.py", line 1499 in _on_worker_frame
  File "D:\VBD_simulator\src\hydrogel_vbd\gui\mesh_viewer.py", line 331 in show_deformed_mesh
  File "D:\VBD_simulator\src\hydrogel_vbd\gui\main_window.py", line 1499 in _on_worker_frame
  File "D:\VBD_simulator\src\hydrogel_vbd\gui\mesh_viewer.py", line 331 in show_deformed_mesh
  File "D:\VBD_simulator\src\hydrogel_vbd\gui\main_window.py", line 1499 in _on_worker_frame
  File "D:\VBD_simulator\src\hydrogel_vbd\gui\mesh_viewer.py", line 331 in show_deformed_mesh
  File "D:\VBD_simulator\src\hydrogel_vbd\gui\main_window.py", line 1499 in _on_worker_frame
  File "D:\VBD_simulator\src\hydrogel_vbd\gui\mesh_viewer.py", line 331 in show_deformed_mesh
  File "D:\VBD_simulator\src\hydrogel_vbd\gui\main_window.py", line 1499 in _on_worker_frame
  File "D:\VBD_simulator\src\hydrogel_vbd\gui\mesh_viewer.py", line 331 in show_deformed_mesh
  File "D:\VBD_simulator\src\hydrogel_vbd\gui\main_window.py", line 1499 in _on_worker_frame
  File "D:\VBD_simulator\src\hydrogel_vbd\gui\mesh_viewer.py", line 331 in show_deformed_mesh
  File "D:\VBD_simulator\src\hydrogel_vbd\gui\main_window.py", line 1499 in _on_worker_frame
  File "D:\VBD_simulator\src\hydrogel_vbd\gui\mesh_viewer.py", line 331 in show_deformed_mesh
  File "D:\VBD_simulator\src\hydrogel_vbd\gui\main_window.py", line 1499 in _on_worker_frame
  File "D:\VBD_simulator\src\hydrogel_vbd\gui\mesh_viewer.py", line 331 in show_deformed_mesh
  File "D:\VBD_simulator\src\hydrogel_vbd\gui\main_window.py", line 1499 in _on_worker_frame
  File "D:\VBD_simulator\src\hydrogel_vbd\gui\mesh_viewer.py", line 331 in show_deformed_mesh
  File "D:\VBD_simulator\src\hydrogel_vbd\gui\main_window.py", line 1499 in _on_worker_frame
  File "D:\VBD_simulator\src\hydrogel_vbd\gui\mesh_viewer.py", line 331 in show_deformed_mesh
  File "D:\VBD_simulator\src\hydrogel_vbd\gui\main_window.py", line 1499 in _on_worker_frame
  File "D:\VBD_simulator\src\hydrogel_vbd\gui\mesh_viewer.py", line 331 in show_deformed_mesh
  File "D:\VBD_simulator\src\hydrogel_vbd\gui\main_window.py", line 1499 in _on_worker_frame
  File "D:\VBD_simulator\src\hydrogel_vbd\gui\mesh_viewer.py", line 331 in show_deformed_mesh
  File "D:\VBD_simulator\src\hydrogel_vbd\gui\main_window.py", line 1499 in _on_worker_frame
  File "D:\VBD_simulator\src\hydrogel_vbd\gui\mesh_viewer.py", line 331 in show_deformed_mesh
  File "D:\VBD_simulator\src\hydrogel_vbd\gui\main_window.py", line 1499 in _on_worker_frame
  File "D:\VBD_simulator\src\hydrogel_vbd\gui\mesh_viewer.py", line 331 in show_deformed_mesh
  File "D:\VBD_simulator\src\hydrogel_vbd\gui\main_window.py", line 1499 in _on_worker_frame
  File "D:\VBD_simulator\src\hydrogel_vbd\gui\mesh_viewer.py", line 331 in show_deformed_mesh
  File "D:\VBD_simulator\src\hydrogel_vbd\gui\main_window.py", line 1499 in _on_worker_frame
  File "D:\VBD_simulator\src\hydrogel_vbd\gui\mesh_viewer.py", line 331 in show_deformed_mesh
  File "D:\VBD_simulator\src\hydrogel_vbd\gui\main_window.py", line 1499 in _on_worker_frame
  File "D:\VBD_simulator\src\hydrogel_vbd\gui\mesh_viewer.py", line 331 in show_deformed_mesh
  File "D:\VBD_simulator\src\hydrogel_vbd\gui\main_window.py", line 1499 in _on_worker_frame
  File "D:\VBD_simulator\src\hydrogel_vbd\gui\mesh_viewer.py", line 331 in show_deformed_mesh
  File "D:\VBD_simulator\src\hydrogel_vbd\gui\main_window.py", line 1499 in _on_worker_frame
  File "D:\VBD_simulator\src\hydrogel_vbd\gui\mesh_viewer.py", line 331 in show_deformed_mesh
  File "D:\VBD_simulator\src\hydrogel_vbd\gui\main_window.py", line 1499 in _on_worker_frame
  File "D:\VBD_simulator\src\hydrogel_vbd\gui\mesh_viewer.py", line 331 in show_deformed_mesh
  File "D:\VBD_simulator\src\hydrogel_vbd\gui\main_window.py", line 1499 in _on_worker_frame
  File "D:\VBD_simulator\src\hydrogel_vbd\gui\mesh_viewer.py", line 331 in show_deformed_mesh
  File "D:\VBD_simulator\src\hydrogel_vbd\gui\main_window.py", line 1499 in _on_worker_frame
  File "D:\VBD_simulator\src\hydrogel_vbd\gui\mesh_viewer.py", line 331 in show_deformed_mesh
  File "D:\VBD_simulator\src\hydrogel_vbd\gui\main_window.py", line 1499 in _on_worker_frame
  File "D:\VBD_simulator\src\hydrogel_vbd\gui\mesh_viewer.py", line 331 in show_deformed_mesh
  File "D:\VBD_simulator\src\hydrogel_vbd\gui\main_window.py", line 1499 in _on_worker_frame
  File "D:\VBD_simulator\src\hydrogel_vbd\gui\mesh_viewer.py", line 331 in show_deformed_mesh
  File "D:\VBD_simulator\src\hydrogel_vbd\gui\main_window.py", line 1499 in _on_worker_frame
  File "D:\VBD_simulator\src\hydrogel_vbd\gui\mesh_viewer.py", line 331 in show_deformed_mesh
  File "D:\VBD_simulator\src\hydrogel_vbd\gui\main_window.py", line 1499 in _on_worker_frame
  File "D:\VBD_simulator\src\hydrogel_vbd\gui\mesh_viewer.py", line 331 in show_deformed_mesh
  File "D:\VBD_simulator\src\hydrogel_vbd\gui\main_window.py", line 1499 in _on_worker_frame
  File "D:\VBD_simulator\src\hydrogel_vbd\gui\mesh_viewer.py", line 331 in show_deformed_mesh
  File "D:\VBD_simulator\src\hydrogel_vbd\gui\main_window.py", line 1499 in _on_worker_frame
  File "D:\VBD_simulator\src\hydrogel_vbd\gui\mesh_viewer.py", line 331 in show_deformed_mesh
  File "D:\VBD_simulator\src\hydrogel_vbd\gui\main_window.py", line 1499 in _on_worker_frame
Windows fatal exception: stack overflow

Thread 0x0000928c (most recent call first):
  File "C:\Users\leo\AppData\Local\Programs\Python\Python313\Lib\multiprocessing\connection.py", line 344 in _poll
  File "C:\Users\leo\AppData\Local\Programs\Python\Python313\Lib\multiprocessing\connection.py", line 257 in poll
  File "D:\VBD_simulator\src\hydrogel_vbd\solver\cpp_subprocess.py", line 345 in iter_messages
  File "D:\VBD_simulator\src\hydrogel_vbd\gui\simulation_worker.py", line 403 in _run_cpp_subprocess
  File "D:\VBD_simulator\src\hydrogel_vbd\gui\simulation_worker.py", line 470 in _run_layers
  File "D:\VBD_simulator\src\hydrogel_vbd\gui\simulation_worker.py", line 296 in run

Current thread 0x000094c4 (most recent call first):
  File "D:\VBD_simulator\venv\Lib\site-packages\numpy\lib\_shape_base_impl.py", line 666 in column_stack
  File "D:\VBD_simulator\venv\Lib\site-packages\matplotlib\lines.py", line 698 in recache
  File "D:\VBD_simulator\venv\Lib\site-packages\matplotlib\lines.py", line 1052 in get_path
  File "D:\VBD_simulator\venv\Lib\site-packages\matplotlib\axis.py", line 170 in __init__
  File "D:\VBD_simulator\venv\Lib\site-packages\matplotlib\axis.py", line 368 in __init__
  File "D:\VBD_simulator\venv\Lib\site-packages\matplotlib\axis.py", line 1592 in _get_tick
  File "D:\VBD_simulator\venv\Lib\site-packages\matplotlib\axis.py", line 547 in __get__
  File "D:\VBD_simulator\venv\Lib\site-packages\matplotlib\axis.py", line 1117 in set_clip_path
  File "D:\VBD_simulator\venv\Lib\site-packages\matplotlib\axis.py", line 904 in reset_ticks
  File "D:\VBD_simulator\venv\Lib\site-packages\matplotlib\axis.py", line 881 in clear
  File "D:\VBD_simulator\venv\Lib\site-packages\matplotlib\axes\_base.py", line 1330 in __clear
  File "D:\VBD_simulator\venv\Lib\site-packages\matplotlib\axes\_base.py", line 1452 in clear
  File "D:\VBD_simulator\venv\Lib\site-packages\mpl_toolkits\mplot3d\axes3d.py", line 1348 in clear
  File "D:\VBD_simulator\venv\Lib\site-packages\matplotlib\axes\_base.py", line 1461 in cla
  File "D:\VBD_simulator\src\hydrogel_vbd\gui\mesh_viewer.py", line 241 in show_deformed_mesh
  File "D:\VBD_simulator\src\hydrogel_vbd\gui\main_window.py", line 1499 in _on_worker_frame
  File "D:\VBD_simulator\src\hydrogel_vbd\gui\mesh_viewer.py", line 331 in show_deformed_mesh
  File "D:\VBD_simulator\src\hydrogel_vbd\gui\main_window.py", line 1499 in _on_worker_frame
  File "D:\VBD_simulator\src\hydrogel_vbd\gui\mesh_viewer.py", line 331 in show_deformed_mesh
  File "D:\VBD_simulator\src\hydrogel_vbd\gui\main_window.py", line 1499 in _on_worker_frame
  File "D:\VBD_simulator\src\hydrogel_vbd\gui\mesh_viewer.py", line 331 in show_deformed_mesh
  File "D:\VBD_simulator\src\hydrogel_vbd\gui\main_window.py", line 1499 in _on_worker_frame
  File "D:\VBD_simulator\src\hydrogel_vbd\gui\mesh_viewer.py", line 331 in show_deformed_mesh
  File "D:\VBD_simulator\src\hydrogel_vbd\gui\main_window.py", line 1499 in _on_worker_frame
  File "D:\VBD_simulator\src\hydrogel_vbd\gui\mesh_viewer.py", line 331 in show_deformed_mesh
  File "D:\VBD_simulator\src\hydrogel_vbd\gui\main_window.py", line 1499 in _on_worker_frame
  File "D:\VBD_simulator\src\hydrogel_vbd\gui\mesh_viewer.py", line 331 in show_deformed_mesh
  File "D:\VBD_simulator\src\hydrogel_vbd\gui\main_window.py", line 1499 in _on_worker_frame
  File "D:\VBD_simulator\src\hydrogel_vbd\gui\mesh_viewer.py", line 331 in show_deformed_mesh
  File "D:\VBD_simulator\src\hydrogel_vbd\gui\main_window.py", line 1499 in _on_worker_frame
  File "D:\VBD_simulator\src\hydrogel_vbd\gui\mesh_viewer.py", line 331 in show_deformed_mesh
  File "D:\VBD_simulator\src\hydrogel_vbd\gui\main_window.py", line 1499 in _on_worker_frame
  File "D:\VBD_simulator\src\hydrogel_vbd\gui\mesh_viewer.py", line 331 in show_deformed_mesh
  File "D:\VBD_simulator\src\hydrogel_vbd\gui\main_window.py", line 1499 in _on_worker_frame
  File "D:\VBD_simulator\src\hydrogel_vbd\gui\mesh_viewer.py", line 331 in show_deformed_mesh
  File "D:\VBD_simulator\src\hydrogel_vbd\gui\main_window.py", line 1499 in _on_worker_frame
  File "D:\VBD_simulator\src\hydrogel_vbd\gui\mesh_viewer.py", line 331 in show_deformed_mesh
  File "D:\VBD_simulator\src\hydrogel_vbd\gui\main_window.py", line 1499 in _on_worker_frame
  File "D:\VBD_simulator\src\hydrogel_vbd\gui\mesh_viewer.py", line 331 in show_deformed_mesh
  File "D:\VBD_simulator\src\hydrogel_vbd\gui\main_window.py", line 1499 in _on_worker_frame
  File "D:\VBD_simulator\src\hydrogel_vbd\gui\mesh_viewer.py", line 331 in show_deformed_mesh
  File "D:\VBD_simulator\src\hydrogel_vbd\gui\main_window.py", line 1499 in _on_worker_frame
  File "D:\VBD_simulator\src\hydrogel_vbd\gui\mesh_viewer.py", line 331 in show_deformed_mesh
  File "D:\VBD_simulator\src\hydrogel_vbd\gui\main_window.py", line 1499 in _on_worker_frame
  File "D:\VBD_simulator\src\hydrogel_vbd\gui\mesh_viewer.py", line 331 in show_deformed_mesh
  File "D:\VBD_simulator\src\hydrogel_vbd\gui\main_window.py", line 1499 in _on_worker_frame
  File "D:\VBD_simulator\src\hydrogel_vbd\gui\mesh_viewer.py", line 331 in show_deformed_mesh
  File "D:\VBD_simulator\src\hydrogel_vbd\gui\main_window.py", line 1499 in _on_worker_frame
  File "D:\VBD_simulator\src\hydrogel_vbd\gui\mesh_viewer.py", line 331 in show_deformed_mesh
  File "D:\VBD_simulator\src\hydrogel_vbd\gui\main_window.py", line 1499 in _on_worker_frame
  File "D:\VBD_simulator\src\hydrogel_vbd\gui\mesh_viewer.py", line 331 in show_deformed_mesh
  File "D:\VBD_simulator\src\hydrogel_vbd\gui\main_window.py", line 1499 in _on_worker_frame
  File "D:\VBD_simulator\src\hydrogel_vbd\gui\mesh_viewer.py", line 331 in show_deformed_mesh
  File "D:\VBD_simulator\src\hydrogel_vbd\gui\main_window.py", line 1499 in _on_worker_frame
  File "D:\VBD_simulator\src\hydrogel_vbd\gui\mesh_viewer.py", line 331 in show_deformed_mesh
  File "D:\VBD_simulator\src\hydrogel_vbd\gui\main_window.py", line 1499 in _on_worker_frame
  File "D:\VBD_simulator\src\hydrogel_vbd\gui\mesh_viewer.py", line 331 in show_deformed_mesh
  File "D:\VBD_simulator\src\hydrogel_vbd\gui\main_window.py", line 1499 in _on_worker_frame
  File "D:\VBD_simulator\src\hydrogel_vbd\gui\mesh_viewer.py", line 331 in show_deformed_mesh
  File "D:\VBD_simulator\src\hydrogel_vbd\gui\main_window.py", line 1499 in _on_worker_frame
  File "D:\VBD_simulator\src\hydrogel_vbd\gui\mesh_viewer.py", line 331 in show_deformed_mesh
  File "D:\VBD_simulator\src\hydrogel_vbd\gui\main_window.py", line 1499 in _on_worker_frame
  File "D:\VBD_simulator\src\hydrogel_vbd\gui\mesh_viewer.py", line 331 in show_deformed_mesh
  File "D:\VBD_simulator\src\hydrogel_vbd\gui\main_window.py", line 1499 in _on_worker_frame
  File "D:\VBD_simulator\src\hydrogel_vbd\gui\mesh_viewer.py", line 331 in show_deformed_mesh
  File "D:\VBD_simulator\src\hydrogel_vbd\gui\main_window.py", line 1499 in _on_worker_frame
  File "D:\VBD_simulator\src\hydrogel_vbd\gui\mesh_viewer.py", line 331 in show_deformed_mesh
  File "D:\VBD_simulator\src\hydrogel_vbd\gui\main_window.py", line 1499 in _on_worker_frame
  File "D:\VBD_simulator\src\hydrogel_vbd\gui\mesh_viewer.py", line 331 in show_deformed_mesh
  File "D:\VBD_simulator\src\hydrogel_vbd\gui\main_window.py", line 1499 in _on_worker_frame
  File "D:\VBD_simulator\src\hydrogel_vbd\gui\mesh_viewer.py", line 331 in show_deformed_mesh
  File "D:\VBD_simulator\src\hydrogel_vbd\gui\main_window.py", line 1499 in _on_worker_frame
  File "D:\VBD_simulator\src\hydrogel_vbd\gui\mesh_viewer.py", line 331 in show_deformed_mesh
  File "D:\VBD_simulator\src\hydrogel_vbd\gui\main_window.py", line 1499 in _on_worker_frame
  File "D:\VBD_simulator\src\hydrogel_vbd\gui\mesh_viewer.py", line 331 in show_deformed_mesh
  File "D:\VBD_simulator\src\hydrogel_vbd\gui\main_window.py", line 1499 in _on_worker_frame
  File "D:\VBD_simulator\src\hydrogel_vbd\gui\mesh_viewer.py", line 331 in show_deformed_mesh
  File "D:\VBD_simulator\src\hydrogel_vbd\gui\main_window.py", line 1499 in _on_worker_frame
  File "D:\VBD_simulator\src\hydrogel_vbd\gui\mesh_viewer.py", line 331 in show_deformed_mesh
  File "D:\VBD_simulator\src\hydrogel_vbd\gui\main_window.py", line 1499 in _on_worker_frame
  File "D:\VBD_simulator\src\hydrogel_vbd\gui\mesh_viewer.py", line 331 in show_deformed_mesh
  File "D:\VBD_simulator\src\hydrogel_vbd\gui\main_window.py", line 1499 in _on_worker_frame
  File "D:\VBD_simulator\src\hydrogel_vbd\gui\mesh_viewer.py", line 331 in show_deformed_mesh
  File "D:\VBD_simulator\src\hydrogel_vbd\gui\main_window.py", line 1499 in _on_worker_frame
  File "D:\VBD_simulator\src\hydrogel_vbd\gui\mesh_viewer.py", line 331 in show_deformed_mesh
  File "D:\VBD_simulator\src\hydrogel_vbd\gui\main_window.py", line 1499 in _on_worker_frame
  File "D:\VBD_simulator\src\hydrogel_vbd\gui\mesh_viewer.py", line 331 in show_deformed_mesh
  File "D:\VBD_simulator\src\hydrogel_vbd\gui\main_window.py", line 1499 in _on_worker_frame
  File "D:\VBD_simulator\src\hydrogel_vbd\gui\mesh_viewer.py", line 331 in show_deformed_mesh
  File "D:\VBD_simulator\src\hydrogel_vbd\gui\main_window.py", line 1499 in _on_worker_frame
  File "D:\VBD_simulator\src\hydrogel_vbd\gui\mesh_viewer.py", line 331 in show_deformed_mesh
  File "D:\VBD_simulator\src\hydrogel_vbd\gui\main_window.py", line 1499 in _on_worker_frame
  File "D:\VBD_simulator\src\hydrogel_vbd\gui\mesh_viewer.py", line 331 in show_deformed_mesh
  File "D:\VBD_simulator\src\hydrogel_vbd\gui\main_window.py", line 1499 in _on_worker_frame
  File "D:\VBD_simulator\src\hydrogel_vbd\gui\mesh_viewer.py", line 331 in show_deformed_mesh
  File "D:\VBD_simulator\src\hydrogel_vbd\gui\main_window.py", line 1499 in _on_worker_frame
  File "D:\VBD_simulator\src\hydrogel_vbd\gui\mesh_viewer.py", line 331 in show_deformed_mesh
  File "D:\VBD_simulator\src\hydrogel_vbd\gui\main_window.py", line 1499 in _on_worker_frame
  File "D:\VBD_simulator\src\hydrogel_vbd\gui\mesh_viewer.py", line 331 in show_deformed_mesh
  File "D:\VBD_simulator\src\hydrogel_vbd\gui\main_window.py", line 1499 in _on_worker_frame
Windows fatal exception: stack overflow

Thread 0x000090ec (most recent call first):
  File "C:\Users\leo\AppData\Local\Programs\Python\Python313\Lib\multiprocessing\connection.py", line 317 in _recv_bytes
  File "C:\Users\leo\AppData\Local\Programs\Python\Python313\Lib\multiprocessing\connection.py", line 250 in recv
  File "D:\VBD_simulator\src\hydrogel_vbd\solver\cpp_subprocess.py", line 354 in iter_messages
  File "D:\VBD_simulator\src\hydrogel_vbd\gui\simulation_worker.py", line 403 in _run_cpp_subprocess
  File "D:\VBD_simulator\src\hydrogel_vbd\gui\simulation_worker.py", line 470 in _run_layers
  File "D:\VBD_simulator\src\hydrogel_vbd\gui\simulation_worker.py", line 296 in run

Current thread 0x00002540 (most recent call first):
  File "D:\VBD_simulator\venv\Lib\site-packages\numpy\lib\_shape_base_impl.py", line 666 in column_stack
  File "D:\VBD_simulator\venv\Lib\site-packages\matplotlib\lines.py", line 698 in recache
  File "D:\VBD_simulator\venv\Lib\site-packages\matplotlib\lines.py", line 1052 in get_path
  File "D:\VBD_simulator\venv\Lib\site-packages\matplotlib\axis.py", line 170 in __init__
  File "D:\VBD_simulator\venv\Lib\site-packages\matplotlib\axis.py", line 368 in __init__
  File "D:\VBD_simulator\venv\Lib\site-packages\matplotlib\axis.py", line 1592 in _get_tick
  File "D:\VBD_simulator\venv\Lib\site-packages\matplotlib\axis.py", line 547 in __get__
  File "D:\VBD_simulator\venv\Lib\site-packages\matplotlib\axis.py", line 1117 in set_clip_path
  File "D:\VBD_simulator\venv\Lib\site-packages\matplotlib\axis.py", line 904 in reset_ticks
  File "D:\VBD_simulator\venv\Lib\site-packages\matplotlib\axis.py", line 881 in clear
  File "D:\VBD_simulator\venv\Lib\site-packages\matplotlib\axes\_base.py", line 1330 in __clear
  File "D:\VBD_simulator\venv\Lib\site-packages\matplotlib\axes\_base.py", line 1452 in clear
  File "D:\VBD_simulator\venv\Lib\site-packages\mpl_toolkits\mplot3d\axes3d.py", line 1348 in clear
  File "D:\VBD_simulator\venv\Lib\site-packages\matplotlib\axes\_base.py", line 1461 in cla
  File "D:\VBD_simulator\src\hydrogel_vbd\gui\mesh_viewer.py", line 241 in show_deformed_mesh
  File "D:\VBD_simulator\src\hydrogel_vbd\gui\main_window.py", line 1499 in _on_worker_frame
  File "D:\VBD_simulator\src\hydrogel_vbd\gui\mesh_viewer.py", line 331 in show_deformed_mesh
  File "D:\VBD_simulator\src\hydrogel_vbd\gui\main_window.py", line 1499 in _on_worker_frame
  File "D:\VBD_simulator\src\hydrogel_vbd\gui\mesh_viewer.py", line 331 in show_deformed_mesh
  File "D:\VBD_simulator\src\hydrogel_vbd\gui\main_window.py", line 1499 in _on_worker_frame
  File "D:\VBD_simulator\src\hydrogel_vbd\gui\mesh_viewer.py", line 331 in show_deformed_mesh
  File "D:\VBD_simulator\src\hydrogel_vbd\gui\main_window.py", line 1499 in _on_worker_frame
  File "D:\VBD_simulator\src\hydrogel_vbd\gui\mesh_viewer.py", line 331 in show_deformed_mesh
  File "D:\VBD_simulator\src\hydrogel_vbd\gui\main_window.py", line 1499 in _on_worker_frame
  File "D:\VBD_simulator\src\hydrogel_vbd\gui\mesh_viewer.py", line 331 in show_deformed_mesh
  File "D:\VBD_simulator\src\hydrogel_vbd\gui\main_window.py", line 1499 in _on_worker_frame
  File "D:\VBD_simulator\src\hydrogel_vbd\gui\mesh_viewer.py", line 331 in show_deformed_mesh
  File "D:\VBD_simulator\src\hydrogel_vbd\gui\main_window.py", line 1499 in _on_worker_frame
  File "D:\VBD_simulator\src\hydrogel_vbd\gui\mesh_viewer.py", line 331 in show_deformed_mesh
  File "D:\VBD_simulator\src\hydrogel_vbd\gui\main_window.py", line 1499 in _on_worker_frame
  File "D:\VBD_simulator\src\hydrogel_vbd\gui\mesh_viewer.py", line 331 in show_deformed_mesh
  File "D:\VBD_simulator\src\hydrogel_vbd\gui\main_window.py", line 1499 in _on_worker_frame
  File "D:\VBD_simulator\src\hydrogel_vbd\gui\mesh_viewer.py", line 331 in show_deformed_mesh
  File "D:\VBD_simulator\src\hydrogel_vbd\gui\main_window.py", line 1499 in _on_worker_frame
  File "D:\VBD_simulator\src\hydrogel_vbd\gui\mesh_viewer.py", line 331 in show_deformed_mesh
  File "D:\VBD_simulator\src\hydrogel_vbd\gui\main_window.py", line 1499 in _on_worker_frame
  File "D:\VBD_simulator\src\hydrogel_vbd\gui\mesh_viewer.py", line 331 in show_deformed_mesh
  File "D:\VBD_simulator\src\hydrogel_vbd\gui\main_window.py", line 1499 in _on_worker_frame
  File "D:\VBD_simulator\src\hydrogel_vbd\gui\mesh_viewer.py", line 331 in show_deformed_mesh
  File "D:\VBD_simulator\src\hydrogel_vbd\gui\main_window.py", line 1499 in _on_worker_frame
  File "D:\VBD_simulator\src\hydrogel_vbd\gui\mesh_viewer.py", line 331 in show_deformed_mesh
  File "D:\VBD_simulator\src\hydrogel_vbd\gui\main_window.py", line 1499 in _on_worker_frame
  File "D:\VBD_simulator\src\hydrogel_vbd\gui\mesh_viewer.py", line 331 in show_deformed_mesh
  File "D:\VBD_simulator\src\hydrogel_vbd\gui\main_window.py", line 1499 in _on_worker_frame
  File "D:\VBD_simulator\src\hydrogel_vbd\gui\mesh_viewer.py", line 331 in show_deformed_mesh
  File "D:\VBD_simulator\src\hydrogel_vbd\gui\main_window.py", line 1499 in _on_worker_frame
  File "D:\VBD_simulator\src\hydrogel_vbd\gui\mesh_viewer.py", line 331 in show_deformed_mesh
  File "D:\VBD_simulator\src\hydrogel_vbd\gui\main_window.py", line 1499 in _on_worker_frame
  File "D:\VBD_simulator\src\hydrogel_vbd\gui\mesh_viewer.py", line 331 in show_deformed_mesh
  File "D:\VBD_simulator\src\hydrogel_vbd\gui\main_window.py", line 1499 in _on_worker_frame
  File "D:\VBD_simulator\src\hydrogel_vbd\gui\mesh_viewer.py", line 331 in show_deformed_mesh
  File "D:\VBD_simulator\src\hydrogel_vbd\gui\main_window.py", line 1499 in _on_worker_frame
  File "D:\VBD_simulator\src\hydrogel_vbd\gui\mesh_viewer.py", line 331 in show_deformed_mesh
  File "D:\VBD_simulator\src\hydrogel_vbd\gui\main_window.py", line 1499 in _on_worker_frame
  File "D:\VBD_simulator\src\hydrogel_vbd\gui\mesh_viewer.py", line 331 in show_deformed_mesh
  File "D:\VBD_simulator\src\hydrogel_vbd\gui\main_window.py", line 1499 in _on_worker_frame
  File "D:\VBD_simulator\src\hydrogel_vbd\gui\mesh_viewer.py", line 331 in show_deformed_mesh
  File "D:\VBD_simulator\src\hydrogel_vbd\gui\main_window.py", line 1499 in _on_worker_frame
  File "D:\VBD_simulator\src\hydrogel_vbd\gui\mesh_viewer.py", line 331 in show_deformed_mesh
  File "D:\VBD_simulator\src\hydrogel_vbd\gui\main_window.py", line 1499 in _on_worker_frame
  File "D:\VBD_simulator\src\hydrogel_vbd\gui\mesh_viewer.py", line 331 in show_deformed_mesh
  File "D:\VBD_simulator\src\hydrogel_vbd\gui\main_window.py", line 1499 in _on_worker_frame
  File "D:\VBD_simulator\src\hydrogel_vbd\gui\mesh_viewer.py", line 331 in show_deformed_mesh
  File "D:\VBD_simulator\src\hydrogel_vbd\gui\main_window.py", line 1499 in _on_worker_frame
  File "D:\VBD_simulator\src\hydrogel_vbd\gui\mesh_viewer.py", line 331 in show_deformed_mesh
  File "D:\VBD_simulator\src\hydrogel_vbd\gui\main_window.py", line 1499 in _on_worker_frame
  File "D:\VBD_simulator\src\hydrogel_vbd\gui\mesh_viewer.py", line 331 in show_deformed_mesh
  File "D:\VBD_simulator\src\hydrogel_vbd\gui\main_window.py", line 1499 in _on_worker_frame
  File "D:\VBD_simulator\src\hydrogel_vbd\gui\mesh_viewer.py", line 331 in show_deformed_mesh
  File "D:\VBD_simulator\src\hydrogel_vbd\gui\main_window.py", line 1499 in _on_worker_frame
  File "D:\VBD_simulator\src\hydrogel_vbd\gui\mesh_viewer.py", line 331 in show_deformed_mesh
  File "D:\VBD_simulator\src\hydrogel_vbd\gui\main_window.py", line 1499 in _on_worker_frame
  File "D:\VBD_simulator\src\hydrogel_vbd\gui\mesh_viewer.py", line 331 in show_deformed_mesh
  File "D:\VBD_simulator\src\hydrogel_vbd\gui\main_window.py", line 1499 in _on_worker_frame
  File "D:\VBD_simulator\src\hydrogel_vbd\gui\mesh_viewer.py", line 331 in show_deformed_mesh
  File "D:\VBD_simulator\src\hydrogel_vbd\gui\main_window.py", line 1499 in _on_worker_frame
  File "D:\VBD_simulator\src\hydrogel_vbd\gui\mesh_viewer.py", line 331 in show_deformed_mesh
  File "D:\VBD_simulator\src\hydrogel_vbd\gui\main_window.py", line 1499 in _on_worker_frame
  File "D:\VBD_simulator\src\hydrogel_vbd\gui\mesh_viewer.py", line 331 in show_deformed_mesh
  File "D:\VBD_simulator\src\hydrogel_vbd\gui\main_window.py", line 1499 in _on_worker_frame
  File "D:\VBD_simulator\src\hydrogel_vbd\gui\mesh_viewer.py", line 331 in show_deformed_mesh
  File "D:\VBD_simulator\src\hydrogel_vbd\gui\main_window.py", line 1499 in _on_worker_frame
  File "D:\VBD_simulator\src\hydrogel_vbd\gui\mesh_viewer.py", line 331 in show_deformed_mesh
  File "D:\VBD_simulator\src\hydrogel_vbd\gui\main_window.py", line 1499 in _on_worker_frame
  File "D:\VBD_simulator\src\hydrogel_vbd\gui\mesh_viewer.py", line 331 in show_deformed_mesh
  File "D:\VBD_simulator\src\hydrogel_vbd\gui\main_window.py", line 1499 in _on_worker_frame
  File "D:\VBD_simulator\src\hydrogel_vbd\gui\mesh_viewer.py", line 331 in show_deformed_mesh
  File "D:\VBD_simulator\src\hydrogel_vbd\gui\main_window.py", line 1499 in _on_worker_frame
  File "D:\VBD_simulator\src\hydrogel_vbd\gui\mesh_viewer.py", line 331 in show_deformed_mesh
  File "D:\VBD_simulator\src\hydrogel_vbd\gui\main_window.py", line 1499 in _on_worker_frame
  File "D:\VBD_simulator\src\hydrogel_vbd\gui\mesh_viewer.py", line 331 in show_deformed_mesh
  File "D:\VBD_simulator\src\hydrogel_vbd\gui\main_window.py", line 1499 in _on_worker_frame
  File "D:\VBD_simulator\src\hydrogel_vbd\gui\mesh_viewer.py", line 331 in show_deformed_mesh
  File "D:\VBD_simulator\src\hydrogel_vbd\gui\main_window.py", line 1499 in _on_worker_frame
  File "D:\VBD_simulator\src\hydrogel_vbd\gui\mesh_viewer.py", line 331 in show_deformed_mesh
  File "D:\VBD_simulator\src\hydrogel_vbd\gui\main_window.py", line 1499 in _on_worker_frame
  File "D:\VBD_simulator\src\hydrogel_vbd\gui\mesh_viewer.py", line 331 in show_deformed_mesh
  File "D:\VBD_simulator\src\hydrogel_vbd\gui\main_window.py", line 1499 in _on_worker_frame
  File "D:\VBD_simulator\src\hydrogel_vbd\gui\mesh_viewer.py", line 331 in show_deformed_mesh
  File "D:\VBD_simulator\src\hydrogel_vbd\gui\main_window.py", line 1499 in _on_worker_frame
Windows fatal exception: stack overflow

Thread 0x00009d84 (most recent call first):
  File "D:\VBD_simulator\src\hydrogel_vbd\solver\vbd_solver.py", line 63 in _vertex_local_elastic_energy
  File "D:\VBD_simulator\src\hydrogel_vbd\solver\vbd_solver.py", line 670 in solve_with_lift
  File "D:\VBD_simulator\src\hydrogel_vbd\gui\simulation_worker.py", line 529 in _run_layers
  File "D:\VBD_simulator\src\hydrogel_vbd\gui\simulation_worker.py", line 296 in run

Current thread 0x000037ac (most recent call first):
  File "D:\VBD_simulator\venv\Lib\site-packages\numpy\lib\_shape_base_impl.py", line 666 in column_stack
  File "D:\VBD_simulator\venv\Lib\site-packages\matplotlib\lines.py", line 698 in recache
  File "D:\VBD_simulator\venv\Lib\site-packages\matplotlib\lines.py", line 1052 in get_path
  File "D:\VBD_simulator\venv\Lib\site-packages\matplotlib\axis.py", line 170 in __init__
  File "D:\VBD_simulator\venv\Lib\site-packages\matplotlib\axis.py", line 368 in __init__
  File "D:\VBD_simulator\venv\Lib\site-packages\matplotlib\axis.py", line 1592 in _get_tick
  File "D:\VBD_simulator\venv\Lib\site-packages\matplotlib\axis.py", line 547 in __get__
  File "D:\VBD_simulator\venv\Lib\site-packages\matplotlib\axis.py", line 1117 in set_clip_path
  File "D:\VBD_simulator\venv\Lib\site-packages\matplotlib\axis.py", line 904 in reset_ticks
  File "D:\VBD_simulator\venv\Lib\site-packages\matplotlib\axis.py", line 881 in clear
  File "D:\VBD_simulator\venv\Lib\site-packages\matplotlib\axes\_base.py", line 1330 in __clear
  File "D:\VBD_simulator\venv\Lib\site-packages\matplotlib\axes\_base.py", line 1452 in clear
  File "D:\VBD_simulator\venv\Lib\site-packages\mpl_toolkits\mplot3d\axes3d.py", line 1348 in clear
  File "D:\VBD_simulator\venv\Lib\site-packages\matplotlib\axes\_base.py", line 1461 in cla
  File "D:\VBD_simulator\src\hydrogel_vbd\gui\mesh_viewer.py", line 241 in show_deformed_mesh
  File "D:\VBD_simulator\src\hydrogel_vbd\gui\main_window.py", line 1499 in _on_worker_frame
  File "D:\VBD_simulator\src\hydrogel_vbd\gui\mesh_viewer.py", line 331 in show_deformed_mesh
  File "D:\VBD_simulator\src\hydrogel_vbd\gui\main_window.py", line 1499 in _on_worker_frame
  File "D:\VBD_simulator\src\hydrogel_vbd\gui\mesh_viewer.py", line 331 in show_deformed_mesh
  File "D:\VBD_simulator\src\hydrogel_vbd\gui\main_window.py", line 1499 in _on_worker_frame
  File "D:\VBD_simulator\src\hydrogel_vbd\gui\mesh_viewer.py", line 331 in show_deformed_mesh
  File "D:\VBD_simulator\src\hydrogel_vbd\gui\main_window.py", line 1499 in _on_worker_frame
  File "D:\VBD_simulator\src\hydrogel_vbd\gui\mesh_viewer.py", line 331 in show_deformed_mesh
  File "D:\VBD_simulator\src\hydrogel_vbd\gui\main_window.py", line 1499 in _on_worker_frame
  File "D:\VBD_simulator\src\hydrogel_vbd\gui\mesh_viewer.py", line 331 in show_deformed_mesh
  File "D:\VBD_simulator\src\hydrogel_vbd\gui\main_window.py", line 1499 in _on_worker_frame
  File "D:\VBD_simulator\src\hydrogel_vbd\gui\mesh_viewer.py", line 331 in show_deformed_mesh
  File "D:\VBD_simulator\src\hydrogel_vbd\gui\main_window.py", line 1499 in _on_worker_frame
  File "D:\VBD_simulator\src\hydrogel_vbd\gui\main_window.py", line 194 in set_layer
  File "D:\VBD_simulator\src\hydrogel_vbd\gui\main_window.py", line 1537 in _on_worker_progress
  File "D:\VBD_simulator\src\hydrogel_vbd\gui\mesh_viewer.py", line 331 in show_deformed_mesh
  File "D:\VBD_simulator\src\hydrogel_vbd\gui\main_window.py", line 1499 in _on_worker_frame
  File "D:\VBD_simulator\src\hydrogel_vbd\gui\main_window.py", line 194 in set_layer
  File "D:\VBD_simulator\src\hydrogel_vbd\gui\main_window.py", line 1537 in _on_worker_progress
  File "D:\VBD_simulator\src\hydrogel_vbd\gui\main_window.py", line 194 in set_layer
  File "D:\VBD_simulator\src\hydrogel_vbd\gui\main_window.py", line 1537 in _on_worker_progress
  File "D:\VBD_simulator\src\hydrogel_vbd\gui\main_window.py", line 194 in set_layer
  File "D:\VBD_simulator\src\hydrogel_vbd\gui\main_window.py", line 1537 in _on_worker_progress
  File "D:\VBD_simulator\src\hydrogel_vbd\gui\main_window.py", line 194 in set_layer
  File "D:\VBD_simulator\src\hydrogel_vbd\gui\main_window.py", line 1537 in _on_worker_progress
  File "D:\VBD_simulator\src\hydrogel_vbd\gui\mesh_viewer.py", line 331 in show_deformed_mesh
  File "D:\VBD_simulator\src\hydrogel_vbd\gui\main_window.py", line 1499 in _on_worker_frame
  File "D:\VBD_simulator\src\hydrogel_vbd\gui\mesh_viewer.py", line 331 in show_deformed_mesh
  File "D:\VBD_simulator\src\hydrogel_vbd\gui\main_window.py", line 1499 in _on_worker_frame
  File "D:\VBD_simulator\src\hydrogel_vbd\gui\mesh_viewer.py", line 331 in show_deformed_mesh
  File "D:\VBD_simulator\src\hydrogel_vbd\gui\main_window.py", line 1499 in _on_worker_frame
  File "D:\VBD_simulator\src\hydrogel_vbd\gui\mesh_viewer.py", line 331 in show_deformed_mesh
  File "D:\VBD_simulator\src\hydrogel_vbd\gui\main_window.py", line 1499 in _on_worker_frame
  File "D:\VBD_simulator\src\hydrogel_vbd\gui\mesh_viewer.py", line 331 in show_deformed_mesh
  File "D:\VBD_simulator\src\hydrogel_vbd\gui\main_window.py", line 1499 in _on_worker_frame
  File "D:\VBD_simulator\src\hydrogel_vbd\gui\mesh_viewer.py", line 331 in show_deformed_mesh
  File "D:\VBD_simulator\src\hydrogel_vbd\gui\main_window.py", line 1499 in _on_worker_frame
  File "D:\VBD_simulator\src\hydrogel_vbd\gui\mesh_viewer.py", line 331 in show_deformed_mesh
  File "D:\VBD_simulator\src\hydrogel_vbd\gui\main_window.py", line 1499 in _on_worker_frame
  File "D:\VBD_simulator\src\hydrogel_vbd\gui\mesh_viewer.py", line 331 in show_deformed_mesh
  File "D:\VBD_simulator\src\hydrogel_vbd\gui\main_window.py", line 1499 in _on_worker_frame
  File "D:\VBD_simulator\src\hydrogel_vbd\gui\mesh_viewer.py", line 331 in show_deformed_mesh
  File "D:\VBD_simulator\src\hydrogel_vbd\gui\main_window.py", line 1499 in _on_worker_frame
  File "D:\VBD_simulator\src\hydrogel_vbd\gui\main_window.py", line 194 in set_layer
  File "D:\VBD_simulator\src\hydrogel_vbd\gui\main_window.py", line 1537 in _on_worker_progress
  File "D:\VBD_simulator\src\hydrogel_vbd\gui\mesh_viewer.py", line 331 in show_deformed_mesh
  File "D:\VBD_simulator\src\hydrogel_vbd\gui\main_window.py", line 1499 in _on_worker_frame
  File "D:\VBD_simulator\src\hydrogel_vbd\gui\main_window.py", line 194 in set_layer
  File "D:\VBD_simulator\src\hydrogel_vbd\gui\main_window.py", line 1537 in _on_worker_progress
  File "D:\VBD_simulator\src\hydrogel_vbd\gui\main_window.py", line 194 in set_layer
  File "D:\VBD_simulator\src\hydrogel_vbd\gui\main_window.py", line 1537 in _on_worker_progress
  File "D:\VBD_simulator\src\hydrogel_vbd\gui\main_window.py", line 194 in set_layer
  File "D:\VBD_simulator\src\hydrogel_vbd\gui\main_window.py", line 1537 in _on_worker_progress
  File "D:\VBD_simulator\src\hydrogel_vbd\gui\main_window.py", line 194 in set_layer
  File "D:\VBD_simulator\src\hydrogel_vbd\gui\main_window.py", line 1537 in _on_worker_progress
  File "D:\VBD_simulator\src\hydrogel_vbd\gui\mesh_viewer.py", line 331 in show_deformed_mesh
  File "D:\VBD_simulator\src\hydrogel_vbd\gui\main_window.py", line 1499 in _on_worker_frame
  File "D:\VBD_simulator\src\hydrogel_vbd\gui\mesh_viewer.py", line 331 in show_deformed_mesh
  File "D:\VBD_simulator\src\hydrogel_vbd\gui\main_window.py", line 1499 in _on_worker_frame
  File "D:\VBD_simulator\src\hydrogel_vbd\gui\mesh_viewer.py", line 331 in show_deformed_mesh
  File "D:\VBD_simulator\src\hydrogel_vbd\gui\main_window.py", line 1499 in _on_worker_frame
  File "D:\VBD_simulator\src\hydrogel_vbd\gui\mesh_viewer.py", line 331 in show_deformed_mesh
  File "D:\VBD_simulator\src\hydrogel_vbd\gui\main_window.py", line 1499 in _on_worker_frame
  File "D:\VBD_simulator\src\hydrogel_vbd\gui\mesh_viewer.py", line 331 in show_deformed_mesh
  File "D:\VBD_simulator\src\hydrogel_vbd\gui\main_window.py", line 1499 in _on_worker_frame
  File "D:\VBD_simulator\src\hydrogel_vbd\gui\mesh_viewer.py", line 331 in show_deformed_mesh
  File "D:\VBD_simulator\src\hydrogel_vbd\gui\main_window.py", line 1499 in _on_worker_frame
  File "D:\VBD_simulator\src\hydrogel_vbd\gui\mesh_viewer.py", line 331 in show_deformed_mesh
  File "D:\VBD_simulator\src\hydrogel_vbd\gui\main_window.py", line 1499 in _on_worker_frame
  File "D:\VBD_simulator\src\hydrogel_vbd\gui\mesh_viewer.py", line 331 in show_deformed_mesh
  File "D:\VBD_simulator\src\hydrogel_vbd\gui\main_window.py", line 1499 in _on_worker_frame
  File "D:\VBD_simulator\src\hydrogel_vbd\gui\mesh_viewer.py", line 331 in show_deformed_mesh
  File "D:\VBD_simulator\src\hydrogel_vbd\gui\main_window.py", line 1499 in _on_worker_frame
  File "D:\VBD_simulator\src\hydrogel_vbd\gui\main_window.py", line 194 in set_layer
  File "D:\VBD_simulator\src\hydrogel_vbd\gui\main_window.py", line 1537 in _on_worker_progress
  File "D:\VBD_simulator\src\hydrogel_vbd\gui\mesh_viewer.py", line 331 in show_deformed_mesh
  File "D:\VBD_simulator\src\hydrogel_vbd\gui\main_window.py", line 1499 in _on_worker_frame
  File "D:\VBD_simulator\src\hydrogel_vbd\gui\main_window.py", line 194 in set_layer
  File "D:\VBD_simulator\src\hydrogel_vbd\gui\main_window.py", line 1537 in _on_worker_progress
  File "D:\VBD_simulator\src\hydrogel_vbd\gui\main_window.py", line 194 in set_layer
  File "D:\VBD_simulator\src\hydrogel_vbd\gui\main_window.py", line 1537 in _on_worker_progress
  File "D:\VBD_simulator\src\hydrogel_vbd\gui\main_window.py", line 194 in set_layer
  File "D:\VBD_simulator\src\hydrogel_vbd\gui\main_window.py", line 1537 in _on_worker_progress
  File "D:\VBD_simulator\src\hydrogel_vbd\gui\main_window.py", line 194 in set_layer
  File "D:\VBD_simulator\src\hydrogel_vbd\gui\main_window.py", line 1537 in _on_worker_progress
Windows fatal exception: stack overflow

Thread 0x0000a108 (most recent call first):
  File "D:\VBD_simulator\src\hydrogel_vbd\solver\vbd_solver.py", line 63 in _vertex_local_elastic_energy
  File "D:\VBD_simulator\src\hydrogel_vbd\solver\vbd_solver.py", line 670 in solve_with_lift
  File "D:\VBD_simulator\src\hydrogel_vbd\gui\simulation_worker.py", line 509 in _run_layers
  File "D:\VBD_simulator\src\hydrogel_vbd\gui\simulation_worker.py", line 297 in run

Current thread 0x000046bc (most recent call first):
  File "D:\VBD_simulator\venv\Lib\site-packages\numpy\lib\_shape_base_impl.py", line 666 in column_stack
  File "D:\VBD_simulator\venv\Lib\site-packages\matplotlib\lines.py", line 698 in recache
  File "D:\VBD_simulator\venv\Lib\site-packages\matplotlib\lines.py", line 1052 in get_path
  File "D:\VBD_simulator\venv\Lib\site-packages\matplotlib\axis.py", line 170 in __init__
  File "D:\VBD_simulator\venv\Lib\site-packages\matplotlib\axis.py", line 368 in __init__
  File "D:\VBD_simulator\venv\Lib\site-packages\matplotlib\axis.py", line 1592 in _get_tick
  File "D:\VBD_simulator\venv\Lib\site-packages\matplotlib\axis.py", line 547 in __get__
  File "D:\VBD_simulator\venv\Lib\site-packages\matplotlib\axis.py", line 1117 in set_clip_path
  File "D:\VBD_simulator\venv\Lib\site-packages\matplotlib\axis.py", line 904 in reset_ticks
  File "D:\VBD_simulator\venv\Lib\site-packages\matplotlib\axis.py", line 881 in clear
  File "D:\VBD_simulator\venv\Lib\site-packages\matplotlib\axes\_base.py", line 1330 in __clear
  File "D:\VBD_simulator\venv\Lib\site-packages\matplotlib\axes\_base.py", line 1452 in clear
  File "D:\VBD_simulator\venv\Lib\site-packages\mpl_toolkits\mplot3d\axes3d.py", line 1348 in clear
  File "D:\VBD_simulator\venv\Lib\site-packages\matplotlib\axes\_base.py", line 1461 in cla
  File "D:\VBD_simulator\src\hydrogel_vbd\gui\mesh_viewer.py", line 241 in show_deformed_mesh
  File "D:\VBD_simulator\src\hydrogel_vbd\gui\main_window.py", line 1499 in _on_worker_frame
  File "D:\VBD_simulator\src\hydrogel_vbd\gui\mesh_viewer.py", line 331 in show_deformed_mesh
  File "D:\VBD_simulator\src\hydrogel_vbd\gui\main_window.py", line 1499 in _on_worker_frame
  File "D:\VBD_simulator\src\hydrogel_vbd\gui\mesh_viewer.py", line 331 in show_deformed_mesh
  File "D:\VBD_simulator\src\hydrogel_vbd\gui\main_window.py", line 1499 in _on_worker_frame
  File "D:\VBD_simulator\src\hydrogel_vbd\gui\mesh_viewer.py", line 331 in show_deformed_mesh
  File "D:\VBD_simulator\src\hydrogel_vbd\gui\main_window.py", line 1499 in _on_worker_frame
  File "D:\VBD_simulator\src\hydrogel_vbd\gui\mesh_viewer.py", line 331 in show_deformed_mesh
  File "D:\VBD_simulator\src\hydrogel_vbd\gui\main_window.py", line 1499 in _on_worker_frame
  File "D:\VBD_simulator\src\hydrogel_vbd\gui\mesh_viewer.py", line 331 in show_deformed_mesh
  File "D:\VBD_simulator\src\hydrogel_vbd\gui\main_window.py", line 1499 in _on_worker_frame
  File "D:\VBD_simulator\src\hydrogel_vbd\gui\mesh_viewer.py", line 331 in show_deformed_mesh
  File "D:\VBD_simulator\src\hydrogel_vbd\gui\main_window.py", line 1499 in _on_worker_frame
  File "D:\VBD_simulator\src\hydrogel_vbd\gui\main_window.py", line 194 in set_layer
  File "D:\VBD_simulator\src\hydrogel_vbd\gui\main_window.py", line 1537 in _on_worker_progress
  File "D:\VBD_simulator\src\hydrogel_vbd\gui\mesh_viewer.py", line 331 in show_deformed_mesh
  File "D:\VBD_simulator\src\hydrogel_vbd\gui\main_window.py", line 1499 in _on_worker_frame
  File "D:\VBD_simulator\src\hydrogel_vbd\gui\main_window.py", line 194 in set_layer
  File "D:\VBD_simulator\src\hydrogel_vbd\gui\main_window.py", line 1537 in _on_worker_progress
  File "D:\VBD_simulator\src\hydrogel_vbd\gui\main_window.py", line 194 in set_layer
  File "D:\VBD_simulator\src\hydrogel_vbd\gui\main_window.py", line 1537 in _on_worker_progress
  File "D:\VBD_simulator\src\hydrogel_vbd\gui\main_window.py", line 194 in set_layer
  File "D:\VBD_simulator\src\hydrogel_vbd\gui\main_window.py", line 1537 in _on_worker_progress
  File "D:\VBD_simulator\src\hydrogel_vbd\gui\main_window.py", line 194 in set_layer
  File "D:\VBD_simulator\src\hydrogel_vbd\gui\main_window.py", line 1537 in _on_worker_progress
  File "D:\VBD_simulator\src\hydrogel_vbd\gui\mesh_viewer.py", line 331 in show_deformed_mesh
  File "D:\VBD_simulator\src\hydrogel_vbd\gui\main_window.py", line 1499 in _on_worker_frame
  File "D:\VBD_simulator\src\hydrogel_vbd\gui\mesh_viewer.py", line 331 in show_deformed_mesh
  File "D:\VBD_simulator\src\hydrogel_vbd\gui\main_window.py", line 1499 in _on_worker_frame
  File "D:\VBD_simulator\src\hydrogel_vbd\gui\mesh_viewer.py", line 331 in show_deformed_mesh
  File "D:\VBD_simulator\src\hydrogel_vbd\gui\main_window.py", line 1499 in _on_worker_frame
  File "D:\VBD_simulator\src\hydrogel_vbd\gui\mesh_viewer.py", line 331 in show_deformed_mesh
  File "D:\VBD_simulator\src\hydrogel_vbd\gui\main_window.py", line 1499 in _on_worker_frame
  File "D:\VBD_simulator\src\hydrogel_vbd\gui\mesh_viewer.py", line 331 in show_deformed_mesh
  File "D:\VBD_simulator\src\hydrogel_vbd\gui\main_window.py", line 1499 in _on_worker_frame
  File "D:\VBD_simulator\src\hydrogel_vbd\gui\mesh_viewer.py", line 331 in show_deformed_mesh
  File "D:\VBD_simulator\src\hydrogel_vbd\gui\main_window.py", line 1499 in _on_worker_frame
  File "D:\VBD_simulator\src\hydrogel_vbd\gui\mesh_viewer.py", line 331 in show_deformed_mesh
  File "D:\VBD_simulator\src\hydrogel_vbd\gui\main_window.py", line 1499 in _on_worker_frame
  File "D:\VBD_simulator\src\hydrogel_vbd\gui\mesh_viewer.py", line 331 in show_deformed_mesh
  File "D:\VBD_simulator\src\hydrogel_vbd\gui\main_window.py", line 1499 in _on_worker_frame
  File "D:\VBD_simulator\src\hydrogel_vbd\gui\mesh_viewer.py", line 331 in show_deformed_mesh
  File "D:\VBD_simulator\src\hydrogel_vbd\gui\main_window.py", line 1499 in _on_worker_frame
  File "D:\VBD_simulator\src\hydrogel_vbd\gui\main_window.py", line 194 in set_layer
  File "D:\VBD_simulator\src\hydrogel_vbd\gui\main_window.py", line 1537 in _on_worker_progress
  File "D:\VBD_simulator\src\hydrogel_vbd\gui\mesh_viewer.py", line 331 in show_deformed_mesh
  File "D:\VBD_simulator\src\hydrogel_vbd\gui\main_window.py", line 1499 in _on_worker_frame
  File "D:\VBD_simulator\src\hydrogel_vbd\gui\main_window.py", line 194 in set_layer
  File "D:\VBD_simulator\src\hydrogel_vbd\gui\main_window.py", line 1537 in _on_worker_progress
  File "D:\VBD_simulator\src\hydrogel_vbd\gui\main_window.py", line 194 in set_layer
  File "D:\VBD_simulator\src\hydrogel_vbd\gui\main_window.py", line 1537 in _on_worker_progress
  File "D:\VBD_simulator\src\hydrogel_vbd\gui\main_window.py", line 194 in set_layer
  File "D:\VBD_simulator\src\hydrogel_vbd\gui\main_window.py", line 1537 in _on_worker_progress
  File "D:\VBD_simulator\src\hydrogel_vbd\gui\main_window.py", line 194 in set_layer
  File "D:\VBD_simulator\src\hydrogel_vbd\gui\main_window.py", line 1537 in _on_worker_progress
  File "D:\VBD_simulator\src\hydrogel_vbd\gui\mesh_viewer.py", line 331 in show_deformed_mesh
  File "D:\VBD_simulator\src\hydrogel_vbd\gui\main_window.py", line 1499 in _on_worker_frame
  File "D:\VBD_simulator\src\hydrogel_vbd\gui\mesh_viewer.py", line 331 in show_deformed_mesh
  File "D:\VBD_simulator\src\hydrogel_vbd\gui\main_window.py", line 1499 in _on_worker_frame
  File "D:\VBD_simulator\src\hydrogel_vbd\gui\mesh_viewer.py", line 331 in show_deformed_mesh
  File "D:\VBD_simulator\src\hydrogel_vbd\gui\main_window.py", line 1499 in _on_worker_frame
  File "D:\VBD_simulator\src\hydrogel_vbd\gui\mesh_viewer.py", line 331 in show_deformed_mesh
  File "D:\VBD_simulator\src\hydrogel_vbd\gui\main_window.py", line 1499 in _on_worker_frame
  File "D:\VBD_simulator\src\hydrogel_vbd\gui\mesh_viewer.py", line 331 in show_deformed_mesh
  File "D:\VBD_simulator\src\hydrogel_vbd\gui\main_window.py", line 1499 in _on_worker_frame
  File "D:\VBD_simulator\src\hydrogel_vbd\gui\mesh_viewer.py", line 331 in show_deformed_mesh
  File "D:\VBD_simulator\src\hydrogel_vbd\gui\main_window.py", line 1499 in _on_worker_frame
  File "D:\VBD_simulator\src\hydrogel_vbd\gui\mesh_viewer.py", line 331 in show_deformed_mesh
  File "D:\VBD_simulator\src\hydrogel_vbd\gui\main_window.py", line 1499 in _on_worker_frame
  File "D:\VBD_simulator\src\hydrogel_vbd\gui\mesh_viewer.py", line 331 in show_deformed_mesh
  File "D:\VBD_simulator\src\hydrogel_vbd\gui\main_window.py", line 1499 in _on_worker_frame
  File "D:\VBD_simulator\src\hydrogel_vbd\gui\mesh_viewer.py", line 331 in show_deformed_mesh
  File "D:\VBD_simulator\src\hydrogel_vbd\gui\main_window.py", line 1499 in _on_worker_frame
  File "D:\VBD_simulator\src\hydrogel_vbd\gui\main_window.py", line 194 in set_layer
  File "D:\VBD_simulator\src\hydrogel_vbd\gui\main_window.py", line 1537 in _on_worker_progress
  File "D:\VBD_simulator\src\hydrogel_vbd\gui\mesh_viewer.py", line 331 in show_deformed_mesh
  File "D:\VBD_simulator\src\hydrogel_vbd\gui\main_window.py", line 1499 in _on_worker_frame
  File "D:\VBD_simulator\src\hydrogel_vbd\gui\main_window.py", line 194 in set_layer
  File "D:\VBD_simulator\src\hydrogel_vbd\gui\main_window.py", line 1537 in _on_worker_progress
  File "D:\VBD_simulator\src\hydrogel_vbd\gui\main_window.py", line 194 in set_layer
  File "D:\VBD_simulator\src\hydrogel_vbd\gui\main_window.py", line 1537 in _on_worker_progress
  File "D:\VBD_simulator\src\hydrogel_vbd\gui\main_window.py", line 194 in set_layer
  File "D:\VBD_simulator\src\hydrogel_vbd\gui\main_window.py", line 1537 in _on_worker_progress
  File "D:\VBD_simulator\src\hydrogel_vbd\gui\main_window.py", line 194 in set_layer
  File "D:\VBD_simulator\src\hydrogel_vbd\gui\main_window.py", line 1537 in _on_worker_progress
